[0m15:30:22.349910 [debug] [MainThread]: Sending event: {'category': 'dbt', 'action': 'invocation', 'label': 'start', 'context': [<snowplow_tracker.self_describing_json.SelfDescribingJson object at 0x0000022B53E29550>, <snowplow_tracker.self_describing_json.SelfDescribingJson object at 0x0000022B5658FED0>, <snowplow_tracker.self_describing_json.SelfDescribingJson object at 0x0000022B5658F750>]}


============================== 15:30:22.367178 | f72c8290-78da-4017-8695-757a91e15376 ==============================
[0m15:30:22.367178 [info ] [MainThread]: Running with dbt=1.12.0
[0m15:30:22.369636 [debug] [MainThread]: running dbt with arguments {'maximum_seed_size_mib': '1', 'no_print': 'None', 'static_parser': 'True', 'warn_error_options': 'WarnErrorOptionsV2(error=[], warn=[], silence=[])', 'target_path': 'None', 'version_check': 'True', 'printer_width': '80', 'write_json': 'True', 'empty': 'None', 'log_cache_events': 'False', 'introspect': 'True', 'cache_selected_only': 'False', 'fail_fast': 'False', 'debug': 'False', 'log_format': 'default', 'partial_parse': 'True', 'send_anonymous_usage_stats': 'True', 'quiet': 'False', 'warn_error': 'None', 'profiles_dir': 'C:\\Users\\LG Chem\\.dbt', 'use_colors': 'True', 'hints_enabled': 'True', 'invocation_command': 'dbt init dbt_project', 'use_experimental_parser': 'False', 'indirect_selection': 'eager', 'log_path': 'logs'}
[0m15:30:22.449957 [info ] [MainThread]: Creating dbt configuration folder at C:\Users\LG Chem\.dbt
[0m15:30:22.455256 [info ] [MainThread]: A project called dbt_project already exists here.
[0m15:30:22.461318 [debug] [MainThread]: Command `dbt init` succeeded at 15:30:22.460422 after 0.67 seconds
[0m15:30:22.462823 [debug] [MainThread]: Sending event: {'category': 'dbt', 'action': 'invocation', 'label': 'end', 'context': [<snowplow_tracker.self_describing_json.SelfDescribingJson object at 0x0000022B5657F360>, <snowplow_tracker.self_describing_json.SelfDescribingJson object at 0x0000022B5644A0F0>, <snowplow_tracker.self_describing_json.SelfDescribingJson object at 0x0000022B566446B0>]}
[0m15:30:22.464688 [debug] [MainThread]: Flushing usage events
[0m15:30:23.908945 [debug] [MainThread]: An error was encountered while trying to flush usage events
[0m15:32:17.096723 [debug] [MainThread]: Sending event: {'category': 'dbt', 'action': 'invocation', 'label': 'start', 'context': [<snowplow_tracker.self_describing_json.SelfDescribingJson object at 0x000001B4B9955160>, <snowplow_tracker.self_describing_json.SelfDescribingJson object at 0x000001B4BC06BD90>, <snowplow_tracker.self_describing_json.SelfDescribingJson object at 0x000001B4BC06B9D0>]}


============================== 15:32:17.110291 | 3a91736a-6f29-40ee-86b1-8c382e9b19f8 ==============================
[0m15:32:17.110291 [info ] [MainThread]: Running with dbt=1.12.0
[0m15:32:17.113482 [debug] [MainThread]: running dbt with arguments {'version_check': 'True', 'no_print': 'None', 'static_parser': 'True', 'warn_error_options': 'WarnErrorOptionsV2(error=[], warn=[], silence=[])', 'target_path': 'None', 'maximum_seed_size_mib': '1', 'printer_width': '80', 'write_json': 'True', 'empty': 'None', 'log_cache_events': 'False', 'introspect': 'True', 'cache_selected_only': 'False', 'log_format': 'default', 'debug': 'False', 'fail_fast': 'False', 'partial_parse': 'True', 'send_anonymous_usage_stats': 'True', 'quiet': 'False', 'warn_error': 'None', 'profiles_dir': 'C:\\Users\\LG Chem\\.dbt', 'indirect_selection': 'eager', 'hints_enabled': 'True', 'invocation_command': 'dbt init dbt_project', 'use_experimental_parser': 'False', 'use_colors': 'True', 'log_path': 'logs'}
[0m15:32:17.197736 [debug] [MainThread]: Starter project path: C:\Users\LG Chem\credit-risk-pipeline\.venv\Lib\site-packages\dbt\include\starter_project
[0m15:32:17.297161 [info ] [MainThread]: Setting up your profile.
[0m15:32:49.236631 [info ] [MainThread]: Profile dbt_project written to C:\Users\LG Chem\.dbt\profiles.yml using target's sample configuration. Once updated, you'll be able to start developing with dbt.
[0m15:32:49.240827 [info ] [MainThread]: Running dbt debug to validate the project...
[0m15:32:49.243147 [info ] [MainThread]: dbt version: 1.12.0
[0m15:32:49.244403 [info ] [MainThread]: python version: 3.13.15
[0m15:32:49.246014 [info ] [MainThread]: python path: C:\Users\LG Chem\credit-risk-pipeline\.venv\Scripts\python.exe
[0m15:32:49.246646 [info ] [MainThread]: os info: Windows-11-10.0.26200-SP0
[0m15:32:49.386732 [info ] [MainThread]: Using profiles dir at C:\Users\LG Chem\.dbt
[0m15:32:49.387492 [info ] [MainThread]: Using profiles.yml file at C:\Users\LG Chem\.dbt\profiles.yml
[0m15:32:49.387907 [info ] [MainThread]: Using dbt_project.yml file at C:\Users\LG Chem\credit-risk-pipeline\dbt_project\dbt_project.yml
[0m15:32:49.392003 [info ] [MainThread]: adapter type: duckdb
[0m15:32:49.392751 [info ] [MainThread]: adapter version: 1.10.1
[0m15:32:49.604847 [info ] [MainThread]: Configuration:
[0m15:32:49.606293 [info ] [MainThread]:   profiles.yml file [[32mOK found and valid[0m]
[0m15:32:49.607478 [info ] [MainThread]:   dbt_project.yml file [[32mOK found and valid[0m]
[0m15:32:49.608638 [info ] [MainThread]: Required dependencies:
[0m15:32:49.610141 [debug] [MainThread]: Executing "git --help"
[0m15:32:49.814418 [debug] [MainThread]: STDOUT: "b"usage: git [-v | --version] [-h | --help] [-C <path>] [-c <name>=<value>]\n           [--exec-path[=<path>]] [--html-path] [--man-path] [--info-path]\n           [-p | --paginate | -P | --no-pager] [--no-replace-objects] [--no-lazy-fetch]\n           [--no-optional-locks] [--no-advice] [--bare] [--git-dir=<path>]\n           [--work-tree=<path>] [--namespace=<name>] [--config-env=<name>=<envvar>]\n           <command> [<args>]\n\nThese are common Git commands used in various situations:\n\nstart a working area (see also: git help tutorial)\n   clone      Clone a repository into a new directory\n   init       Create an empty Git repository or reinitialize an existing one\n\nwork on the current change (see also: git help everyday)\n   add        Add file contents to the index\n   mv         Move or rename a file, a directory, or a symlink\n   restore    Restore working tree files\n   rm         Remove files from the working tree and from the index\n\nexamine the history and state (see also: git help revisions)\n   bisect     Use binary search to find the commit that introduced a bug\n   diff       Show changes between commits, commit and working tree, etc\n   grep       Print lines matching a pattern\n   log        Show commit logs\n   show       Show various types of objects\n   status     Show the working tree status\n\ngrow, mark and tweak your common history\n   backfill   Download missing objects in a partial clone\n   branch     List, create, or delete branches\n   commit     Record changes to the repository\n   history    EXPERIMENTAL: Rewrite history\n   merge      Join two or more development histories together\n   rebase     Reapply commits on top of another base tip\n   reset      Set `HEAD` or the index to a known state\n   switch     Switch branches\n   tag        Create, list, delete or verify tags\n\ncollaborate (see also: git help workflows)\n   fetch      Download objects and refs from another repository\n   pull       Fetch from and integrate with another repository or a local branch\n   push       Update remote refs along with associated objects\n\n'git help -a' and 'git help -g' list available subcommands and some\nconcept guides. See 'git help <command>' or 'git help <concept>'\nto read about a specific subcommand or concept.\nSee 'git help git' for an overview of the system.\n""
[0m15:32:49.816178 [debug] [MainThread]: STDERR: "b''"
[0m15:32:49.817728 [info ] [MainThread]:  - git [[32mOK found[0m]

[0m15:32:49.819783 [info ] [MainThread]: Connection:
[0m15:32:49.820876 [info ] [MainThread]:   database: dev
[0m15:32:49.821845 [info ] [MainThread]:   schema: main
[0m15:32:49.822754 [info ] [MainThread]:   path: dev.duckdb
[0m15:32:49.824728 [info ] [MainThread]:   config_options: None
[0m15:32:49.826093 [info ] [MainThread]:   extensions: None
[0m15:32:49.827875 [info ] [MainThread]:   settings: {}
[0m15:32:49.829317 [info ] [MainThread]:   external_root: .
[0m15:32:49.830352 [info ] [MainThread]:   use_credential_provider: None
[0m15:32:49.831120 [info ] [MainThread]:   attach: None
[0m15:32:49.831606 [info ] [MainThread]:   filesystems: None
[0m15:32:49.831978 [info ] [MainThread]:   remote: None
[0m15:32:49.832689 [info ] [MainThread]:   plugins: None
[0m15:32:49.833296 [info ] [MainThread]:   disable_transactions: False
[0m15:32:49.835340 [info ] [MainThread]: Registered adapter: duckdb=1.10.1
[0m15:32:50.217186 [debug] [MainThread]: Acquiring new duckdb connection 'debug'
[0m15:33:00.793939 [debug] [MainThread]: Using duckdb connection "debug"
[0m15:33:00.795526 [debug] [MainThread]: On debug: select 1 as id
[0m15:33:00.796898 [debug] [MainThread]: Opening a new connection, currently in state init
[0m15:33:00.883401 [debug] [MainThread]: SQL status: OK in 0.086 seconds
[0m15:33:00.886395 [debug] [MainThread]: On debug: Close
[0m15:33:00.888543 [info ] [MainThread]:   Connection test: [[32mOK connection ok[0m]

[0m15:33:00.890881 [info ] [MainThread]: [32mAll checks passed![0m
[0m15:33:00.893344 [info ] [MainThread]: Your new dbt project "dbt_project" was created!
Initialized new project in C:\Users\LG Chem\credit-risk-pipeline\dbt_project\dbt_project

For more information on how to configure the profiles.yml file,
please consult the dbt documentation here:

  https://docs.getdbt.com/docs/configure-your-profile

One more thing:

Need help? Don't hesitate to reach out to us via GitHub issues or on Slack:

  https://community.getdbt.com/

Happy modeling!

[0m15:33:00.898220 [debug] [MainThread]: Command `dbt init` succeeded at 15:33:00.897499 after 44.49 seconds
[0m15:33:00.899855 [debug] [MainThread]: Connection 'debug' was properly closed.
[0m15:33:00.901060 [debug] [MainThread]: Sending event: {'category': 'dbt', 'action': 'invocation', 'label': 'end', 'context': [<snowplow_tracker.self_describing_json.SelfDescribingJson object at 0x000001B4BC37EFD0>, <snowplow_tracker.self_describing_json.SelfDescribingJson object at 0x000001B4BC0B17F0>, <snowplow_tracker.self_describing_json.SelfDescribingJson object at 0x000001B4BC342690>]}
[0m15:33:00.902768 [debug] [MainThread]: Flushing usage events
[0m15:33:02.316611 [debug] [MainThread]: An error was encountered while trying to flush usage events
